In file included from ../ui/xui/main-menu.cc:22:
In file included from ../ui/xui/main-menu.hh:27:
In file included from ../ui/xui/../xemu-snapshots.h:28:
In file included from /xemu/include/block/snapshot.h:28:
/xemu/include/block/graph-lock.h:57:9: warning: empty struct has size 0 in C, size 1 in C++ [-Wextern-c-compat]
   57 | typedef struct TSA_CAPABILITY("mutex") BdrvGraphLock {
      |         ^
/xemu/include/block/graph-lock.h:206:9: warning: empty struct has size 0 in C, size 1 in C++ [-Wextern-c-compat]
  206 | typedef struct GraphLockable { } GraphLockable;
      |         ^
/xemu/include/block/graph-lock.h:257:9: warning: empty struct has size 0 in C, size 1 in C++ [-Wextern-c-compat]
  257 | typedef struct GraphLockableMainloop { } GraphLockableMainloop;
      |         ^
../ui/xui/main-menu.cc:1753:7: warning: field 'm_achievements_button' will be initialized after field 'm_about_button' [-Wreorder-ctor]
 1753 |       m_achievements_button("Achievements", ICON_FA_A),
      |       ^~~~~~~~~~~~~~~~~~~~~~~~~~~~~~~~~~~~~~~~~~~~~~~~
      |       m_about_button("About", ICON_FA_CIRCLE_INFO)
 1754 |       m_about_button("About", ICON_FA_CIRCLE_INFO)
      |       ~~~~~~~~~~~~~~~~~~~~~~~~~~~~~~~~~~~~~~~~~~~~
      |       m_achievements_button("Achievements", ICON_FA_A)
4 warnings generated.
