In file included from ../ui/xui/menubar.cc:21:
In file included from ../ui/xui/main-menu.hh:27:
In file included from ../ui/xui/../xemu-snapshots.h:28:
In file included from /xemu/include/block/snapshot.h:28:
/xemu/include/block/graph-lock.h:57:9: warning: empty struct has size 0 in C, size 1 in C++ [-Wextern-c-compat]
   57 | typedef struct TSA_CAPABILITY("mutex") BdrvGraphLock {
      |         ^
/xemu/include/block/graph-lock.h:206:9: warning: empty struct has size 0 in C, size 1 in C++ [-Wextern-c-compat]
  206 | typedef struct GraphLockable { } GraphLockable;
      |         ^
/xemu/include/block/graph-lock.h:257:9: warning: empty struct has size 0 in C, size 1 in C++ [-Wextern-c-compat]
  257 | typedef struct GraphLockableMainloop { } GraphLockableMainloop;
      |         ^
In file included from ../ui/xui/menubar.cc:33:
../achievements/AchievementManager.hh:7:13: warning: 'RC_CLIENT_SUPPORTS_RAINTEGRATION' macro redefined [-Wmacro-redefined]
    7 |     #define RC_CLIENT_SUPPORTS_RAINTEGRATION
      |             ^
<command line>:16:9: note: previous definition is here
   16 | #define RC_CLIENT_SUPPORTS_RAINTEGRATION 1
      |         ^
4 warnings generated.
