In file included from ../ui/xui/menubar.cc:21:
In file included from ../ui/xui/main-menu.hh:27:
In file included from ../ui/xui/../xemu-snapshots.h:28:
In file included from /xemu/include/block/snapshot.h:28:
/xemu/include/block/graph-lock.h:57:9: warning: empty struct has size 0 in C, size 1 in C++ [-Wextern-c-compat]
   57 | typedef struct TSA_CAPABILITY("mutex") BdrvGraphLock {
      |         ^
/xemu/include/block/graph-lock.h:206:9: warning: empty struct has size 0 in C, size 1 in C++ [-Wextern-c-compat]
  206 | typedef struct GraphLockable { } GraphLockable;
      |         ^
/xemu/include/block/graph-lock.h:257:9: warning: empty struct has size 0 in C, size 1 in C++ [-Wextern-c-compat]
  257 | typedef struct GraphLockableMainloop { } GraphLockableMainloop;
      |         ^
../ui/xui/menubar.cc:263:37: warning: format string is not a string literal (potentially insecure) [-Wformat-security]
  263 |                     fprintf(stdout, label.c_str());
      |                                     ^~~~~~~~~~~~~
../ui/xui/menubar.cc:263:37: note: treat the string as an argument to avoid this
  263 |                     fprintf(stdout, label.c_str());
      |                                     ^
      |                                     "%s", 
4 warnings generated.
